Archive member included to satisfy reference by file (symbol)

/opt/riscv/lib/gcc/riscv32-unknown-elf/12.1.0/libgcc.a(muldi3.o)
                              counter_la.elf-matmul.o (__mulsi3)

Memory Configuration

Name             Origin             Length             Attributes
vexriscv_debug   0x00000000f00f0000 0x0000000000000100
dff              0x0000000000000000 0x0000000000000400
dff2             0x0000000000000400 0x0000000000000200
flash            0x0000000010000000 0x0000000001000000
mprj             0x0000000030000000 0x0000000000100000
xydata           0x0000000038000000 0x0000000000000200
firmware         0x0000000038000200 0x0000000000000200
hk               0x0000000026000000 0x0000000000100000
csr              0x00000000f0000000 0x0000000000010000
*default*        0x0000000000000000 0xffffffffffffffff

Linker script and memory map

                0x0000000000000000                __DYNAMIC = 0x0

.text           0x0000000010000000      0x180
                0x0000000010000000                _ftext = .
 *crt0*(.text)
 .text          0x0000000010000000      0x154 counter_la.elf-crt0_vex.o
                0x0000000010000000                _start
                0x0000000010000020                trap_entry
 *crt0*(.text)
 *(.text.isr)
                0x0000000010000154                _etext = .
 .text          0x0000000010000154       0x2c counter_la.elf-isr.o
                0x0000000010000154                isr
 .text          0x0000000010000180        0x0 counter_la.elf-matmul.o
 .text          0x0000000010000180        0x0 counter_la.elf-counter_la.o

.text.startup   0x0000000010000180      0x148
 .text.startup  0x0000000010000180      0x148 counter_la.elf-counter_la.o
                0x0000000010000180                main

.rodata         0x00000000100002c8        0x0
                0x00000000100002c8                . = ALIGN (0x8)
 *fill*         0x00000000100002c8        0x0 
                0x00000000100002c8                _frodata = .
 *(.rodata .rodata.* .gnu.linkonce.r.*)
 *(.rodata1)
                0x00000000100002c8                . = ALIGN (0x8)
                0x00000000100002c8                _erodata = .

.data           0x0000000038000000       0x80 load address 0x00000000100002c8
                0x0000000038000000                . = ALIGN (0x8)
                0x0000000038000000                _fdata = .
 *(.data .data.* .gnu.linkonce.d.*)
 .data          0x0000000038000000        0x0 counter_la.elf-crt0_vex.o
 .data          0x0000000038000000        0x0 counter_la.elf-isr.o
 .data          0x0000000038000000       0x80 counter_la.elf-matmul.o
                0x0000000038000000                A
                0x0000000038000040                B
 .data          0x0000000038000080        0x0 counter_la.elf-counter_la.o
 .data          0x0000000038000080        0x0 /opt/riscv/lib/gcc/riscv32-unknown-elf/12.1.0/libgcc.a(muldi3.o)
 *(.data1)
                0x0000000038000080                _gp = ALIGN (0x10)
 *(.sdata .sdata.* .gnu.linkonce.s.*)
                0x0000000038000080                . = ALIGN (0x8)
                0x0000000038000080                _edata = .

.bss            0x0000000038000080       0x48 load address 0x0000000010000348
                0x0000000038000080                . = ALIGN (0x8)
                0x0000000038000080                _fbss = .
 *(.dynsbss)
 *(.sbss .sbss.* .gnu.linkonce.sb.*)
 .sbss          0x0000000038000080        0x2 counter_la.elf-isr.o
                0x0000000038000080                flag
 *(.scommon)
 *(.dynbss)
 *(.bss .bss.* .gnu.linkonce.b.*)
 .bss           0x0000000038000082        0x0 counter_la.elf-crt0_vex.o
 .bss           0x0000000038000082        0x0 counter_la.elf-isr.o
 *fill*         0x0000000038000082        0x2 
 .bss           0x0000000038000084       0x40 counter_la.elf-matmul.o
                0x0000000038000084                result
 .bss           0x00000000380000c4        0x0 counter_la.elf-counter_la.o
 .bss           0x00000000380000c4        0x0 /opt/riscv/lib/gcc/riscv32-unknown-elf/12.1.0/libgcc.a(muldi3.o)
 *(COMMON)
                0x00000000380000c8                . = ALIGN (0x8)
 *fill*         0x00000000380000c4        0x4 
                0x00000000380000c8                _ebss = .
                0x00000000380000c8                _end = .

.mprjram        0x0000000038000200      0x124 load address 0x0000000010000348
                0x0000000038000200                . = ALIGN (0x8)
                0x0000000038000200                _fsram = .
 *libgcc.a:*(.text .text.*)
 .text          0x0000000038000200       0x24 /opt/riscv/lib/gcc/riscv32-unknown-elf/12.1.0/libgcc.a(muldi3.o)
                0x0000000038000200                __mulsi3
 .mprjram       0x0000000038000224      0x100 counter_la.elf-matmul.o
                0x0000000038000224                matmul
                0x0000000000000600                PROVIDE (_fstack = (ORIGIN (dff2) + LENGTH (dff2)))
                0x00000000100002c8                PROVIDE (_fdata_rom = LOADADDR (.data))
                [!provide]                        PROVIDE (_edata_rom = (LOADADDR (.data) + SIZEOF (.data)))
                0x0000000038000324                PROVIDE (_esram = (ORIGIN (firmware) + SIZEOF (.mprjram)))
                0x0000000010000348                PROVIDE (_esram_rom = LOADADDR (.mprjram))
LOAD counter_la.elf-crt0_vex.o
LOAD counter_la.elf-isr.o
LOAD counter_la.elf-matmul.o
LOAD counter_la.elf-counter_la.o
LOAD /opt/riscv/lib/gcc/riscv32-unknown-elf/12.1.0/libgcc.a
START GROUP
LOAD /opt/riscv/lib/gcc/riscv32-unknown-elf/12.1.0/../../../../riscv32-unknown-elf/lib/libc.a
LOAD /opt/riscv/lib/gcc/riscv32-unknown-elf/12.1.0/../../../../riscv32-unknown-elf/lib/libgloss.a
END GROUP
LOAD /opt/riscv/lib/gcc/riscv32-unknown-elf/12.1.0/libgcc.a
OUTPUT(counter_la.elf elf32-littleriscv)

.rela.dyn       0x0000000038000324        0x0 load address 0x000000001000046c
 .rela.text     0x0000000038000324        0x0 counter_la.elf-crt0_vex.o

.riscv.attributes
                0x0000000000000000       0x20
 .riscv.attributes
                0x0000000000000000       0x1e counter_la.elf-crt0_vex.o
 .riscv.attributes
                0x000000000000001e       0x20 counter_la.elf-isr.o
 .riscv.attributes
                0x000000000000003e       0x1c counter_la.elf-matmul.o
 .riscv.attributes
                0x000000000000005a       0x1c counter_la.elf-counter_la.o
 .riscv.attributes
                0x0000000000000076       0x1a /opt/riscv/lib/gcc/riscv32-unknown-elf/12.1.0/libgcc.a(muldi3.o)

.comment        0x0000000000000000       0x1b
 .comment       0x0000000000000000       0x1b counter_la.elf-isr.o
                                         0x1c (size before relaxing)
 .comment       0x000000000000001b       0x1c counter_la.elf-matmul.o
 .comment       0x000000000000001b       0x1c counter_la.elf-counter_la.o

.debug_line     0x0000000000000000      0x8ff
 .debug_line    0x0000000000000000      0x204 counter_la.elf-crt0_vex.o
 .debug_line    0x0000000000000204       0xb3 counter_la.elf-isr.o
 .debug_line    0x00000000000002b7      0x17a counter_la.elf-matmul.o
 .debug_line    0x0000000000000431      0x454 counter_la.elf-counter_la.o
 .debug_line    0x0000000000000885       0x7a /opt/riscv/lib/gcc/riscv32-unknown-elf/12.1.0/libgcc.a(muldi3.o)

.debug_line_str
                0x0000000000000000      0x15e
 .debug_line_str
                0x0000000000000000       0x49 counter_la.elf-crt0_vex.o
 .debug_line_str
                0x0000000000000049       0x62 counter_la.elf-isr.o
                                         0xdb (size before relaxing)
 .debug_line_str
                0x00000000000000ab       0x12 counter_la.elf-matmul.o
                                         0x82 (size before relaxing)
 .debug_line_str
                0x00000000000000bd        0xd counter_la.elf-counter_la.o
                                         0xc8 (size before relaxing)
 .debug_line_str
                0x00000000000000ca       0x94 /opt/riscv/lib/gcc/riscv32-unknown-elf/12.1.0/libgcc.a(muldi3.o)

.debug_info     0x0000000000000000      0x2df
 .debug_info    0x0000000000000000       0x25 counter_la.elf-crt0_vex.o
 .debug_info    0x0000000000000025       0xdc counter_la.elf-isr.o
 .debug_info    0x0000000000000101       0xf4 counter_la.elf-matmul.o
 .debug_info    0x00000000000001f5       0xbb counter_la.elf-counter_la.o
 .debug_info    0x00000000000002b0       0x2f /opt/riscv/lib/gcc/riscv32-unknown-elf/12.1.0/libgcc.a(muldi3.o)

.debug_abbrev   0x0000000000000000      0x21b
 .debug_abbrev  0x0000000000000000       0x14 counter_la.elf-crt0_vex.o
 .debug_abbrev  0x0000000000000014       0xa2 counter_la.elf-isr.o
 .debug_abbrev  0x00000000000000b6       0xb7 counter_la.elf-matmul.o
 .debug_abbrev  0x000000000000016d       0x8d counter_la.elf-counter_la.o
 .debug_abbrev  0x00000000000001fa       0x21 /opt/riscv/lib/gcc/riscv32-unknown-elf/12.1.0/libgcc.a(muldi3.o)

.debug_aranges  0x0000000000000000       0xa0
 .debug_aranges
                0x0000000000000000       0x20 counter_la.elf-crt0_vex.o
 .debug_aranges
                0x0000000000000020       0x20 counter_la.elf-isr.o
 .debug_aranges
                0x0000000000000040       0x20 counter_la.elf-matmul.o
 .debug_aranges
                0x0000000000000060       0x20 counter_la.elf-counter_la.o
 .debug_aranges
                0x0000000000000080       0x20 /opt/riscv/lib/gcc/riscv32-unknown-elf/12.1.0/libgcc.a(muldi3.o)

.debug_str      0x0000000000000000      0x1db
 .debug_str     0x0000000000000000       0x55 counter_la.elf-crt0_vex.o
 .debug_str     0x0000000000000055       0xce counter_la.elf-isr.o
                                        0x107 (size before relaxing)
 .debug_str     0x0000000000000123       0x17 counter_la.elf-matmul.o
                                         0x7f (size before relaxing)
 .debug_str     0x000000000000013a        0xd counter_la.elf-counter_la.o
                                         0xfc (size before relaxing)
 .debug_str     0x0000000000000147       0x94 /opt/riscv/lib/gcc/riscv32-unknown-elf/12.1.0/libgcc.a(muldi3.o)
                                         0xa9 (size before relaxing)

.debug_loclists
                0x0000000000000000       0xa8
 .debug_loclists
                0x0000000000000000       0x19 counter_la.elf-isr.o
 .debug_loclists
                0x0000000000000019       0x8f counter_la.elf-matmul.o

.debug_frame    0x0000000000000000       0xb0
 .debug_frame   0x0000000000000000       0x20 counter_la.elf-isr.o
 .debug_frame   0x0000000000000020       0x60 counter_la.elf-matmul.o
 .debug_frame   0x0000000000000080       0x30 counter_la.elf-counter_la.o

.debug_rnglists
                0x0000000000000000       0x9c
 .debug_rnglists
                0x0000000000000000       0x86 counter_la.elf-matmul.o
 .debug_rnglists
                0x0000000000000086       0x16 counter_la.elf-counter_la.o
